Archive member included to satisfy reference by file (symbol)

c:/program files (x86)/gnu arm embedded toolchain/10 2021.10/bin/../lib/gcc/arm-none-eabi/10.3.1/../../../../arm-none-eabi/lib/thumb/v7e-m+fp/hard\libc_nano.a(lib_a-memcpy-stub.o)
                              C:\Users\sally\AppData\Local\Temp\cc8hTLJl.o (memcpy)
c:/program files (x86)/gnu arm embedded toolchain/10 2021.10/bin/../lib/gcc/arm-none-eabi/10.3.1/../../../../arm-none-eabi/lib/thumb/v7e-m+fp/hard\libc_nano.a(lib_a-memset.o)
                              C:\Users\sally\AppData\Local\Temp\cc8hTLJl.o (memset)

Discarded input sections

 .group         0x00000000        0xc C:\Users\sally\AppData\Local\Temp\cc8hTLJl.o
 .group         0x00000000        0xc C:\Users\sally\AppData\Local\Temp\cc8hTLJl.o
 .group         0x00000000        0xc C:\Users\sally\AppData\Local\Temp\cc8hTLJl.o
 .group         0x00000000        0xc C:\Users\sally\AppData\Local\Temp\cc8hTLJl.o
 .group         0x00000000        0xc C:\Users\sally\AppData\Local\Temp\cc8hTLJl.o
 .group         0x00000000        0xc C:\Users\sally\AppData\Local\Temp\cc8hTLJl.o
 .group         0x00000000        0xc C:\Users\sally\AppData\Local\Temp\cc8hTLJl.o
 .group         0x00000000        0xc C:\Users\sally\AppData\Local\Temp\cc8hTLJl.o
 .group         0x00000000        0xc C:\Users\sally\AppData\Local\Temp\cc8hTLJl.o
 .group         0x00000000        0xc C:\Users\sally\AppData\Local\Temp\cc8hTLJl.o
 .group         0x00000000        0xc C:\Users\sally\AppData\Local\Temp\cc8hTLJl.o
 .group         0x00000000        0xc C:\Users\sally\AppData\Local\Temp\cc8hTLJl.o
 .group         0x00000000        0xc C:\Users\sally\AppData\Local\Temp\cc8hTLJl.o
 .group         0x00000000        0xc C:\Users\sally\AppData\Local\Temp\cc8hTLJl.o
 .group         0x00000000        0xc C:\Users\sally\AppData\Local\Temp\cc8hTLJl.o
 .group         0x00000000        0xc C:\Users\sally\AppData\Local\Temp\cc8hTLJl.o
 .group         0x00000000        0xc C:\Users\sally\AppData\Local\Temp\cc8hTLJl.o
 .text          0x00000000        0x0 C:\Users\sally\AppData\Local\Temp\cc8hTLJl.o
 .data          0x00000000        0x0 C:\Users\sally\AppData\Local\Temp\cc8hTLJl.o
 .bss           0x00000000        0x0 C:\Users\sally\AppData\Local\Temp\cc8hTLJl.o
 .text.timer_expired
                0x00000000       0x26 C:\Users\sally\AppData\Local\Temp\cc8hTLJl.o
 .group         0x00000000        0xc C:\Users\sally\AppData\Local\Temp\ccd6IxHv.o
 .group         0x00000000        0xc C:\Users\sally\AppData\Local\Temp\ccd6IxHv.o
 .group         0x00000000        0xc C:\Users\sally\AppData\Local\Temp\ccd6IxHv.o
 .group         0x00000000        0xc C:\Users\sally\AppData\Local\Temp\ccd6IxHv.o
 .group         0x00000000        0xc C:\Users\sally\AppData\Local\Temp\ccd6IxHv.o
 .group         0x00000000        0xc C:\Users\sally\AppData\Local\Temp\ccd6IxHv.o
 .group         0x00000000        0xc C:\Users\sally\AppData\Local\Temp\ccd6IxHv.o
 .group         0x00000000        0xc C:\Users\sally\AppData\Local\Temp\ccd6IxHv.o
 .group         0x00000000        0xc C:\Users\sally\AppData\Local\Temp\ccd6IxHv.o
 .group         0x00000000        0xc C:\Users\sally\AppData\Local\Temp\ccd6IxHv.o
 .group         0x00000000        0xc C:\Users\sally\AppData\Local\Temp\ccd6IxHv.o
 .group         0x00000000        0xc C:\Users\sally\AppData\Local\Temp\ccd6IxHv.o
 .group         0x00000000        0xc C:\Users\sally\AppData\Local\Temp\ccd6IxHv.o
 .group         0x00000000        0xc C:\Users\sally\AppData\Local\Temp\ccd6IxHv.o
 .group         0x00000000        0xc C:\Users\sally\AppData\Local\Temp\ccd6IxHv.o
 .group         0x00000000        0xc C:\Users\sally\AppData\Local\Temp\ccd6IxHv.o
 .group         0x00000000        0xc C:\Users\sally\AppData\Local\Temp\ccd6IxHv.o
 .text          0x00000000        0x0 C:\Users\sally\AppData\Local\Temp\ccd6IxHv.o
 .data          0x00000000        0x0 C:\Users\sally\AppData\Local\Temp\ccd6IxHv.o
 .bss           0x00000000        0x0 C:\Users\sally\AppData\Local\Temp\ccd6IxHv.o
 .text.spin     0x00000000       0x12 C:\Users\sally\AppData\Local\Temp\ccd6IxHv.o
 .text.uart_write_buf.constprop.0
                0x00000000       0x28 C:\Users\sally\AppData\Local\Temp\ccd6IxHv.o
 .text.spi_transfer.constprop.0
                0x00000000       0x5c C:\Users\sally\AppData\Local\Temp\ccd6IxHv.o
 .text.SPI_init
                0x00000000       0x74 C:\Users\sally\AppData\Local\Temp\ccd6IxHv.o
 .text.read_PROM
                0x00000000       0x40 C:\Users\sally\AppData\Local\Temp\ccd6IxHv.o
 .rodata.MS5611_init.str1.1
                0x00000000        0x4 C:\Users\sally\AppData\Local\Temp\ccd6IxHv.o
 .text.MS5611_init
                0x00000000       0x8c C:\Users\sally\AppData\Local\Temp\ccd6IxHv.o
 .text.read_MS5611_adc
                0x00000000       0xb0 C:\Users\sally\AppData\Local\Temp\ccd6IxHv.o
 .debug_info    0x00000000     0x11c4 C:\Users\sally\AppData\Local\Temp\ccd6IxHv.o
 .debug_abbrev  0x00000000      0x2bd C:\Users\sally\AppData\Local\Temp\ccd6IxHv.o
 .debug_loc     0x00000000      0x88b C:\Users\sally\AppData\Local\Temp\ccd6IxHv.o
 .debug_aranges
                0x00000000       0x50 C:\Users\sally\AppData\Local\Temp\ccd6IxHv.o
 .debug_ranges  0x00000000      0x190 C:\Users\sally\AppData\Local\Temp\ccd6IxHv.o
 .debug_macro   0x00000000       0xe3 C:\Users\sally\AppData\Local\Temp\ccd6IxHv.o
 .debug_macro   0x00000000      0xa6c C:\Users\sally\AppData\Local\Temp\ccd6IxHv.o
 .debug_macro   0x00000000       0x3b C:\Users\sally\AppData\Local\Temp\ccd6IxHv.o
 .debug_macro   0x00000000       0x22 C:\Users\sally\AppData\Local\Temp\ccd6IxHv.o
 .debug_macro   0x00000000       0x8e C:\Users\sally\AppData\Local\Temp\ccd6IxHv.o
 .debug_macro   0x00000000       0x51 C:\Users\sally\AppData\Local\Temp\ccd6IxHv.o
 .debug_macro   0x00000000      0x103 C:\Users\sally\AppData\Local\Temp\ccd6IxHv.o
 .debug_macro   0x00000000       0x6a C:\Users\sally\AppData\Local\Temp\ccd6IxHv.o
 .debug_macro   0x00000000      0x1df C:\Users\sally\AppData\Local\Temp\ccd6IxHv.o
 .debug_macro   0x00000000       0x1c C:\Users\sally\AppData\Local\Temp\ccd6IxHv.o
 .debug_macro   0x00000000       0x22 C:\Users\sally\AppData\Local\Temp\ccd6IxHv.o
 .debug_macro   0x00000000       0xfb C:\Users\sally\AppData\Local\Temp\ccd6IxHv.o
 .debug_macro   0x00000000     0x1305 C:\Users\sally\AppData\Local\Temp\ccd6IxHv.o
 .debug_macro   0x00000000      0x11f C:\Users\sally\AppData\Local\Temp\ccd6IxHv.o
 .debug_macro   0x00000000       0x27 C:\Users\sally\AppData\Local\Temp\ccd6IxHv.o
 .debug_macro   0x00000000    0x258f9 C:\Users\sally\AppData\Local\Temp\ccd6IxHv.o
 .debug_macro   0x00000000      0x174 C:\Users\sally\AppData\Local\Temp\ccd6IxHv.o
 .debug_macro   0x00000000       0x22 C:\Users\sally\AppData\Local\Temp\ccd6IxHv.o
 .debug_line    0x00000000      0x817 C:\Users\sally\AppData\Local\Temp\ccd6IxHv.o
 .debug_str     0x00000000    0xe5ebf C:\Users\sally\AppData\Local\Temp\ccd6IxHv.o
 .comment       0x00000000       0x4a C:\Users\sally\AppData\Local\Temp\ccd6IxHv.o
 .debug_frame   0x00000000       0xd0 C:\Users\sally\AppData\Local\Temp\ccd6IxHv.o
 .ARM.attributes
                0x00000000       0x34 C:\Users\sally\AppData\Local\Temp\ccd6IxHv.o
 .group         0x00000000        0xc C:\Users\sally\AppData\Local\Temp\ccTG8ZrM.o
 .group         0x00000000        0xc C:\Users\sally\AppData\Local\Temp\ccTG8ZrM.o
 .group         0x00000000        0xc C:\Users\sally\AppData\Local\Temp\ccTG8ZrM.o
 .group         0x00000000        0xc C:\Users\sally\AppData\Local\Temp\ccTG8ZrM.o
 .group         0x00000000        0xc C:\Users\sally\AppData\Local\Temp\ccTG8ZrM.o
 .group         0x00000000        0xc C:\Users\sally\AppData\Local\Temp\ccTG8ZrM.o
 .group         0x00000000        0xc C:\Users\sally\AppData\Local\Temp\ccTG8ZrM.o
 .group         0x00000000        0xc C:\Users\sally\AppData\Local\Temp\ccTG8ZrM.o
 .group         0x00000000        0xc C:\Users\sally\AppData\Local\Temp\ccTG8ZrM.o
 .group         0x00000000        0xc C:\Users\sally\AppData\Local\Temp\ccTG8ZrM.o
 .group         0x00000000        0xc C:\Users\sally\AppData\Local\Temp\ccTG8ZrM.o
 .group         0x00000000        0xc C:\Users\sally\AppData\Local\Temp\ccTG8ZrM.o
 .group         0x00000000        0xc C:\Users\sally\AppData\Local\Temp\ccTG8ZrM.o
 .group         0x00000000        0xc C:\Users\sally\AppData\Local\Temp\ccTG8ZrM.o
 .group         0x00000000        0xc C:\Users\sally\AppData\Local\Temp\ccTG8ZrM.o
 .group         0x00000000        0xc C:\Users\sally\AppData\Local\Temp\ccTG8ZrM.o
 .group         0x00000000        0xc C:\Users\sally\AppData\Local\Temp\ccTG8ZrM.o
 .text          0x00000000        0x0 C:\Users\sally\AppData\Local\Temp\ccTG8ZrM.o
 .data          0x00000000        0x0 C:\Users\sally\AppData\Local\Temp\ccTG8ZrM.o
 .bss           0x00000000        0x0 C:\Users\sally\AppData\Local\Temp\ccTG8ZrM.o
 .debug_macro   0x00000000      0xa6c C:\Users\sally\AppData\Local\Temp\ccTG8ZrM.o
 .debug_macro   0x00000000       0x3b C:\Users\sally\AppData\Local\Temp\ccTG8ZrM.o
 .debug_macro   0x00000000       0x22 C:\Users\sally\AppData\Local\Temp\ccTG8ZrM.o
 .debug_macro   0x00000000       0x8e C:\Users\sally\AppData\Local\Temp\ccTG8ZrM.o
 .debug_macro   0x00000000       0x51 C:\Users\sally\AppData\Local\Temp\ccTG8ZrM.o
 .debug_macro   0x00000000      0x103 C:\Users\sally\AppData\Local\Temp\ccTG8ZrM.o
 .debug_macro   0x00000000       0x6a C:\Users\sally\AppData\Local\Temp\ccTG8ZrM.o
 .debug_macro   0x00000000      0x1df C:\Users\sally\AppData\Local\Temp\ccTG8ZrM.o
 .debug_macro   0x00000000       0x1c C:\Users\sally\AppData\Local\Temp\ccTG8ZrM.o
 .debug_macro   0x00000000       0x22 C:\Users\sally\AppData\Local\Temp\ccTG8ZrM.o
 .debug_macro   0x00000000       0xfb C:\Users\sally\AppData\Local\Temp\ccTG8ZrM.o
 .debug_macro   0x00000000     0x1305 C:\Users\sally\AppData\Local\Temp\ccTG8ZrM.o
 .debug_macro   0x00000000      0x11f C:\Users\sally\AppData\Local\Temp\ccTG8ZrM.o
 .debug_macro   0x00000000       0x27 C:\Users\sally\AppData\Local\Temp\ccTG8ZrM.o
 .debug_macro   0x00000000    0x258f9 C:\Users\sally\AppData\Local\Temp\ccTG8ZrM.o
 .debug_macro   0x00000000      0x174 C:\Users\sally\AppData\Local\Temp\ccTG8ZrM.o
 .debug_macro   0x00000000       0x22 C:\Users\sally\AppData\Local\Temp\ccTG8ZrM.o
 .text          0x00000000        0x0 c:/program files (x86)/gnu arm embedded toolchain/10 2021.10/bin/../lib/gcc/arm-none-eabi/10.3.1/../../../../arm-none-eabi/lib/thumb/v7e-m+fp/hard\libc_nano.a(lib_a-memcpy-stub.o)
 .data          0x00000000        0x0 c:/program files (x86)/gnu arm embedded toolchain/10 2021.10/bin/../lib/gcc/arm-none-eabi/10.3.1/../../../../arm-none-eabi/lib/thumb/v7e-m+fp/hard\libc_nano.a(lib_a-memcpy-stub.o)
 .bss           0x00000000        0x0 c:/program files (x86)/gnu arm embedded toolchain/10 2021.10/bin/../lib/gcc/arm-none-eabi/10.3.1/../../../../arm-none-eabi/lib/thumb/v7e-m+fp/hard\libc_nano.a(lib_a-memcpy-stub.o)
 .text          0x00000000        0x0 c:/program files (x86)/gnu arm embedded toolchain/10 2021.10/bin/../lib/gcc/arm-none-eabi/10.3.1/../../../../arm-none-eabi/lib/thumb/v7e-m+fp/hard\libc_nano.a(lib_a-memset.o)
 .data          0x00000000        0x0 c:/program files (x86)/gnu arm embedded toolchain/10 2021.10/bin/../lib/gcc/arm-none-eabi/10.3.1/../../../../arm-none-eabi/lib/thumb/v7e-m+fp/hard\libc_nano.a(lib_a-memset.o)
 .bss           0x00000000        0x0 c:/program files (x86)/gnu arm embedded toolchain/10 2021.10/bin/../lib/gcc/arm-none-eabi/10.3.1/../../../../arm-none-eabi/lib/thumb/v7e-m+fp/hard\libc_nano.a(lib_a-memset.o)

Memory Configuration

Name             Origin             Length             Attributes
flash            0x08000000         0x00200000         xr
dtcm_ram         0x20000000         0x00020000         xrw
sram_d1          0x24000000         0x00080000         xrw
sram_d2          0x30000000         0x00048000         xrw
sram_d3          0x38000000         0x00010000         xrw
sram_d4          0x38800000         0x00001000         xrw
*default*        0x00000000         0xffffffff

Linker script and memory map

LOAD C:\Users\sally\AppData\Local\Temp\cc8hTLJl.o
LOAD C:\Users\sally\AppData\Local\Temp\ccd6IxHv.o
LOAD C:\Users\sally\AppData\Local\Temp\ccTG8ZrM.o
LOAD c:/program files (x86)/gnu arm embedded toolchain/10 2021.10/bin/../lib/gcc/arm-none-eabi/10.3.1/../../../../arm-none-eabi/lib/thumb/v7e-m+fp/hard\libc_nano.a
LOAD c:/program files (x86)/gnu arm embedded toolchain/10 2021.10/bin/../lib/gcc/arm-none-eabi/10.3.1/thumb/v7e-m+fp/hard\libgcc.a
                0x20020000                _estack = (ORIGIN (dtcm_ram) + LENGTH (dtcm_ram))

.vectors        0x08000000      0x298
 *(.vectors)
 .vectors       0x08000000      0x298 C:\Users\sally\AppData\Local\Temp\cc8hTLJl.o
                0x08000000                tab

.text           0x08000298      0x254
 *(.text*)
 .text.SysTick_Handler
                0x08000298       0x10 C:\Users\sally\AppData\Local\Temp\cc8hTLJl.o
                0x08000298                SysTick_Handler
 .text.startup.main
                0x080002a8       0x40 C:\Users\sally\AppData\Local\Temp\cc8hTLJl.o
                0x080002a8                main
 .text._reset   0x080002e8       0x50 C:\Users\sally\AppData\Local\Temp\cc8hTLJl.o
                0x080002e8                _reset
 .text.cpu_max_init
                0x08000338      0x188 C:\Users\sally\AppData\Local\Temp\ccTG8ZrM.o
                0x08000338                cpu_max_init
 .text.memcpy   0x080004c0       0x1c c:/program files (x86)/gnu arm embedded toolchain/10 2021.10/bin/../lib/gcc/arm-none-eabi/10.3.1/../../../../arm-none-eabi/lib/thumb/v7e-m+fp/hard\libc_nano.a(lib_a-memcpy-stub.o)
                0x080004c0                memcpy
 .text.memset   0x080004dc       0x10 c:/program files (x86)/gnu arm embedded toolchain/10 2021.10/bin/../lib/gcc/arm-none-eabi/10.3.1/../../../../arm-none-eabi/lib/thumb/v7e-m+fp/hard\libc_nano.a(lib_a-memset.o)
                0x080004dc                memset

.glue_7         0x080004ec        0x0
 .glue_7        0x080004ec        0x0 linker stubs

.glue_7t        0x080004ec        0x0
 .glue_7t       0x080004ec        0x0 linker stubs

.vfp11_veneer   0x080004ec        0x0
 .vfp11_veneer  0x080004ec        0x0 linker stubs

.v4_bx          0x080004ec        0x0
 .v4_bx         0x080004ec        0x0 linker stubs

.iplt           0x080004ec        0x0
 .iplt          0x080004ec        0x0 C:\Users\sally\AppData\Local\Temp\cc8hTLJl.o

.rel.dyn        0x080004ec        0x0
 .rel.iplt      0x080004ec        0x0 C:\Users\sally\AppData\Local\Temp\cc8hTLJl.o

.rodata
 *(.rodata*)

.data           0x24000000        0x0 load address 0x080004ec
                0x24000000                _sdata = .
 *(.first_data)
 *(.data SORT_BY_NAME(.data.*))
                0x24000000                _edata = .
                0x080004ec                _sidata = LOADADDR (.data)

.igot.plt       0x24000000        0x0 load address 0x080004ec
 .igot.plt      0x24000000        0x0 C:\Users\sally\AppData\Local\Temp\cc8hTLJl.o

.bss            0x24000000        0x4 load address 0x080004ec
                0x24000000                _sbss = .
 *(.bss SORT_BY_NAME(.bss.*) COMMON)
 .bss.s_ticks   0x24000000        0x4 C:\Users\sally\AppData\Local\Temp\cc8hTLJl.o
                0x24000004                _ebss = .
                0x24000008                . = ALIGN (0x8)
                0x24000008                _end = .
OUTPUT(firmware.elf elf32-littlearm)
LOAD linker stubs

.debug_info     0x00000000     0x14d0
 .debug_info    0x00000000      0xafe C:\Users\sally\AppData\Local\Temp\cc8hTLJl.o
 .debug_info    0x00000afe      0x9d2 C:\Users\sally\AppData\Local\Temp\ccTG8ZrM.o

.debug_abbrev   0x00000000      0x32c
 .debug_abbrev  0x00000000      0x24e C:\Users\sally\AppData\Local\Temp\cc8hTLJl.o
 .debug_abbrev  0x0000024e       0xde C:\Users\sally\AppData\Local\Temp\ccTG8ZrM.o

.debug_loc      0x00000000       0xa4
 .debug_loc     0x00000000       0xa4 C:\Users\sally\AppData\Local\Temp\cc8hTLJl.o

.debug_aranges  0x00000000       0x58
 .debug_aranges
                0x00000000       0x38 C:\Users\sally\AppData\Local\Temp\cc8hTLJl.o
 .debug_aranges
                0x00000038       0x20 C:\Users\sally\AppData\Local\Temp\ccTG8ZrM.o

.debug_ranges   0x00000000       0x38
 .debug_ranges  0x00000000       0x28 C:\Users\sally\AppData\Local\Temp\cc8hTLJl.o
 .debug_ranges  0x00000028       0x10 C:\Users\sally\AppData\Local\Temp\ccTG8ZrM.o

.debug_macro    0x00000000    0x280f7
 .debug_macro   0x00000000      0x10d C:\Users\sally\AppData\Local\Temp\cc8hTLJl.o
 .debug_macro   0x0000010d      0xa6c C:\Users\sally\AppData\Local\Temp\cc8hTLJl.o
 .debug_macro   0x00000b79       0x3b C:\Users\sally\AppData\Local\Temp\cc8hTLJl.o
 .debug_macro   0x00000bb4       0x22 C:\Users\sally\AppData\Local\Temp\cc8hTLJl.o
 .debug_macro   0x00000bd6       0x8e C:\Users\sally\AppData\Local\Temp\cc8hTLJl.o
 .debug_macro   0x00000c64       0x51 C:\Users\sally\AppData\Local\Temp\cc8hTLJl.o
 .debug_macro   0x00000cb5      0x103 C:\Users\sally\AppData\Local\Temp\cc8hTLJl.o
 .debug_macro   0x00000db8       0x6a C:\Users\sally\AppData\Local\Temp\cc8hTLJl.o
 .debug_macro   0x00000e22      0x1df C:\Users\sally\AppData\Local\Temp\cc8hTLJl.o
 .debug_macro   0x00001001       0x1c C:\Users\sally\AppData\Local\Temp\cc8hTLJl.o
 .debug_macro   0x0000101d       0x22 C:\Users\sally\AppData\Local\Temp\cc8hTLJl.o
 .debug_macro   0x0000103f       0xfb C:\Users\sally\AppData\Local\Temp\cc8hTLJl.o
 .debug_macro   0x0000113a     0x1305 C:\Users\sally\AppData\Local\Temp\cc8hTLJl.o
 .debug_macro   0x0000243f      0x11f C:\Users\sally\AppData\Local\Temp\cc8hTLJl.o
 .debug_macro   0x0000255e       0x27 C:\Users\sally\AppData\Local\Temp\cc8hTLJl.o
 .debug_macro   0x00002585    0x258f9 C:\Users\sally\AppData\Local\Temp\cc8hTLJl.o
 .debug_macro   0x00027e7e       0x22 C:\Users\sally\AppData\Local\Temp\cc8hTLJl.o
 .debug_macro   0x00027ea0      0x174 C:\Users\sally\AppData\Local\Temp\cc8hTLJl.o
 .debug_macro   0x00028014       0xe3 C:\Users\sally\AppData\Local\Temp\ccTG8ZrM.o

.debug_line     0x00000000      0x8c9
 .debug_line    0x00000000      0x3e5 C:\Users\sally\AppData\Local\Temp\cc8hTLJl.o
 .debug_line    0x000003e5      0x4e4 C:\Users\sally\AppData\Local\Temp\ccTG8ZrM.o

.debug_str      0x00000000    0xe5e9e
 .debug_str     0x00000000    0xe5ce5 C:\Users\sally\AppData\Local\Temp\cc8hTLJl.o
                              0xe5f7e (size before relaxing)
 .debug_str     0x000e5ce5      0x1b9 C:\Users\sally\AppData\Local\Temp\ccTG8ZrM.o
                              0xe5f02 (size before relaxing)

.comment        0x00000000       0x49
 .comment       0x00000000       0x49 C:\Users\sally\AppData\Local\Temp\cc8hTLJl.o
                                 0x4a (size before relaxing)
 .comment       0x00000049       0x4a C:\Users\sally\AppData\Local\Temp\ccTG8ZrM.o

.ARM.attributes
                0x00000000       0x34
 .ARM.attributes
                0x00000000       0x34 C:\Users\sally\AppData\Local\Temp\cc8hTLJl.o
 .ARM.attributes
                0x00000034       0x34 C:\Users\sally\AppData\Local\Temp\ccTG8ZrM.o
 .ARM.attributes
                0x00000068       0x34 c:/program files (x86)/gnu arm embedded toolchain/10 2021.10/bin/../lib/gcc/arm-none-eabi/10.3.1/../../../../arm-none-eabi/lib/thumb/v7e-m+fp/hard\libc_nano.a(lib_a-memcpy-stub.o)
 .ARM.attributes
                0x0000009c       0x34 c:/program files (x86)/gnu arm embedded toolchain/10 2021.10/bin/../lib/gcc/arm-none-eabi/10.3.1/../../../../arm-none-eabi/lib/thumb/v7e-m+fp/hard\libc_nano.a(lib_a-memset.o)

.debug_frame    0x00000000       0xc8
 .debug_frame   0x00000000       0x60 C:\Users\sally\AppData\Local\Temp\cc8hTLJl.o
 .debug_frame   0x00000060       0x20 C:\Users\sally\AppData\Local\Temp\ccTG8ZrM.o
 .debug_frame   0x00000080       0x28 c:/program files (x86)/gnu arm embedded toolchain/10 2021.10/bin/../lib/gcc/arm-none-eabi/10.3.1/../../../../arm-none-eabi/lib/thumb/v7e-m+fp/hard\libc_nano.a(lib_a-memcpy-stub.o)
 .debug_frame   0x000000a8       0x20 c:/program files (x86)/gnu arm embedded toolchain/10 2021.10/bin/../lib/gcc/arm-none-eabi/10.3.1/../../../../arm-none-eabi/lib/thumb/v7e-m+fp/hard\libc_nano.a(lib_a-memset.o)
