Archive member included to satisfy reference by file (symbol)

c:/program files (x86)/gnu arm embedded toolchain/10 2021.10/bin/../lib/gcc/arm-none-eabi/10.3.1/../../../../arm-none-eabi/lib/thumb/v7e-m+fp/hard\libc_nano.a(lib_a-memcpy-stub.o)
                              C:\Users\sally\AppData\Local\Temp\ccGbMyqr.o (memcpy)
c:/program files (x86)/gnu arm embedded toolchain/10 2021.10/bin/../lib/gcc/arm-none-eabi/10.3.1/../../../../arm-none-eabi/lib/thumb/v7e-m+fp/hard\libc_nano.a(lib_a-memset.o)
                              C:\Users\sally\AppData\Local\Temp\ccGbMyqr.o (memset)

Discarded input sections

 .group         0x00000000        0xc C:\Users\sally\AppData\Local\Temp\ccGbMyqr.o
 .group         0x00000000        0xc C:\Users\sally\AppData\Local\Temp\ccGbMyqr.o
 .group         0x00000000        0xc C:\Users\sally\AppData\Local\Temp\ccGbMyqr.o
 .group         0x00000000        0xc C:\Users\sally\AppData\Local\Temp\ccGbMyqr.o
 .group         0x00000000        0xc C:\Users\sally\AppData\Local\Temp\ccGbMyqr.o
 .group         0x00000000        0xc C:\Users\sally\AppData\Local\Temp\ccGbMyqr.o
 .group         0x00000000        0xc C:\Users\sally\AppData\Local\Temp\ccGbMyqr.o
 .group         0x00000000        0xc C:\Users\sally\AppData\Local\Temp\ccGbMyqr.o
 .group         0x00000000        0xc C:\Users\sally\AppData\Local\Temp\ccGbMyqr.o
 .group         0x00000000        0xc C:\Users\sally\AppData\Local\Temp\ccGbMyqr.o
 .group         0x00000000        0xc C:\Users\sally\AppData\Local\Temp\ccGbMyqr.o
 .group         0x00000000        0xc C:\Users\sally\AppData\Local\Temp\ccGbMyqr.o
 .group         0x00000000        0xc C:\Users\sally\AppData\Local\Temp\ccGbMyqr.o
 .group         0x00000000        0xc C:\Users\sally\AppData\Local\Temp\ccGbMyqr.o
 .group         0x00000000        0xc C:\Users\sally\AppData\Local\Temp\ccGbMyqr.o
 .group         0x00000000        0xc C:\Users\sally\AppData\Local\Temp\ccGbMyqr.o
 .group         0x00000000        0xc C:\Users\sally\AppData\Local\Temp\ccGbMyqr.o
 .text          0x00000000        0x0 C:\Users\sally\AppData\Local\Temp\ccGbMyqr.o
 .data          0x00000000        0x0 C:\Users\sally\AppData\Local\Temp\ccGbMyqr.o
 .bss           0x00000000        0x0 C:\Users\sally\AppData\Local\Temp\ccGbMyqr.o
 .text          0x00000000        0x0 c:/program files (x86)/gnu arm embedded toolchain/10 2021.10/bin/../lib/gcc/arm-none-eabi/10.3.1/../../../../arm-none-eabi/lib/thumb/v7e-m+fp/hard\libc_nano.a(lib_a-memcpy-stub.o)
 .data          0x00000000        0x0 c:/program files (x86)/gnu arm embedded toolchain/10 2021.10/bin/../lib/gcc/arm-none-eabi/10.3.1/../../../../arm-none-eabi/lib/thumb/v7e-m+fp/hard\libc_nano.a(lib_a-memcpy-stub.o)
 .bss           0x00000000        0x0 c:/program files (x86)/gnu arm embedded toolchain/10 2021.10/bin/../lib/gcc/arm-none-eabi/10.3.1/../../../../arm-none-eabi/lib/thumb/v7e-m+fp/hard\libc_nano.a(lib_a-memcpy-stub.o)
 .text          0x00000000        0x0 c:/program files (x86)/gnu arm embedded toolchain/10 2021.10/bin/../lib/gcc/arm-none-eabi/10.3.1/../../../../arm-none-eabi/lib/thumb/v7e-m+fp/hard\libc_nano.a(lib_a-memset.o)
 .data          0x00000000        0x0 c:/program files (x86)/gnu arm embedded toolchain/10 2021.10/bin/../lib/gcc/arm-none-eabi/10.3.1/../../../../arm-none-eabi/lib/thumb/v7e-m+fp/hard\libc_nano.a(lib_a-memset.o)
 .bss           0x00000000        0x0 c:/program files (x86)/gnu arm embedded toolchain/10 2021.10/bin/../lib/gcc/arm-none-eabi/10.3.1/../../../../arm-none-eabi/lib/thumb/v7e-m+fp/hard\libc_nano.a(lib_a-memset.o)

Memory Configuration

Name             Origin             Length             Attributes
flash            0x08000000         0x00200000         xr
dtcm_ram         0x20000000         0x00020000         xrw
sram_d1          0x24000000         0x00080000         xrw
sram_d2          0x30000000         0x00048000         xrw
sram_d3          0x38000000         0x00010000         xrw
sram_d4          0x38800000         0x00001000         xrw
*default*        0x00000000         0xffffffff

Linker script and memory map

LOAD C:\Users\sally\AppData\Local\Temp\ccGbMyqr.o
LOAD c:/program files (x86)/gnu arm embedded toolchain/10 2021.10/bin/../lib/gcc/arm-none-eabi/10.3.1/../../../../arm-none-eabi/lib/thumb/v7e-m+fp/hard\libc_nano.a
LOAD c:/program files (x86)/gnu arm embedded toolchain/10 2021.10/bin/../lib/gcc/arm-none-eabi/10.3.1/thumb/v7e-m+fp/hard\libgcc.a
                0x20020000                _estack = (ORIGIN (dtcm_ram) + LENGTH (dtcm_ram))

.vectors        0x08000000      0x298
 *(.vectors)
 .vectors       0x08000000      0x298 C:\Users\sally\AppData\Local\Temp\ccGbMyqr.o
                0x08000000                tab

.text           0x08000298      0x180
 *(.text*)
 .text.SysTick_Handler
                0x08000298       0x10 C:\Users\sally\AppData\Local\Temp\ccGbMyqr.o
                0x08000298                SysTick_Handler
 .text.timer_expired
                0x080002a8       0x26 C:\Users\sally\AppData\Local\Temp\ccGbMyqr.o
                0x080002a8                timer_expired
 *fill*         0x080002ce        0x2 
 .text.startup.main
                0x080002d0       0xd0 C:\Users\sally\AppData\Local\Temp\ccGbMyqr.o
                0x080002d0                main
 .text._reset   0x080003a0       0x4c C:\Users\sally\AppData\Local\Temp\ccGbMyqr.o
                0x080003a0                _reset
 .text.memcpy   0x080003ec       0x1c c:/program files (x86)/gnu arm embedded toolchain/10 2021.10/bin/../lib/gcc/arm-none-eabi/10.3.1/../../../../arm-none-eabi/lib/thumb/v7e-m+fp/hard\libc_nano.a(lib_a-memcpy-stub.o)
                0x080003ec                memcpy
 .text.memset   0x08000408       0x10 c:/program files (x86)/gnu arm embedded toolchain/10 2021.10/bin/../lib/gcc/arm-none-eabi/10.3.1/../../../../arm-none-eabi/lib/thumb/v7e-m+fp/hard\libc_nano.a(lib_a-memset.o)
                0x08000408                memset

.glue_7         0x08000418        0x0
 .glue_7        0x08000418        0x0 linker stubs

.glue_7t        0x08000418        0x0
 .glue_7t       0x08000418        0x0 linker stubs

.vfp11_veneer   0x08000418        0x0
 .vfp11_veneer  0x08000418        0x0 linker stubs

.v4_bx          0x08000418        0x0
 .v4_bx         0x08000418        0x0 linker stubs

.iplt           0x08000418        0x0
 .iplt          0x08000418        0x0 C:\Users\sally\AppData\Local\Temp\ccGbMyqr.o

.rodata         0x08000418        0x5
 *(.rodata*)
 .rodata.main.str1.1
                0x08000418        0x5 C:\Users\sally\AppData\Local\Temp\ccGbMyqr.o

.rel.dyn        0x08000420        0x0
 .rel.iplt      0x08000420        0x0 C:\Users\sally\AppData\Local\Temp\ccGbMyqr.o

.data           0x24000000        0x0 load address 0x0800041d
                0x24000000                _sdata = .
 *(.first_data)
 *(.data SORT_BY_NAME(.data.*))
                0x24000000                _edata = .
                0x0800041d                _sidata = LOADADDR (.data)

.igot.plt       0x24000000        0x0 load address 0x0800041d
 .igot.plt      0x24000000        0x0 C:\Users\sally\AppData\Local\Temp\ccGbMyqr.o

.bss            0x24000000        0x4 load address 0x0800041d
                0x24000000                _sbss = .
 *(.bss SORT_BY_NAME(.bss.*) COMMON)
 .bss.s_ticks   0x24000000        0x4 C:\Users\sally\AppData\Local\Temp\ccGbMyqr.o
                0x24000004                _ebss = .
                0x24000008                . = ALIGN (0x8)
                0x24000008                _end = .
OUTPUT(firmware.elf elf32-littlearm)
LOAD linker stubs

.debug_info     0x00000000      0x8b8
 .debug_info    0x00000000      0x8b8 C:\Users\sally\AppData\Local\Temp\ccGbMyqr.o

.debug_abbrev   0x00000000      0x268
 .debug_abbrev  0x00000000      0x268 C:\Users\sally\AppData\Local\Temp\ccGbMyqr.o

.debug_loc      0x00000000       0x8c
 .debug_loc     0x00000000       0x8c C:\Users\sally\AppData\Local\Temp\ccGbMyqr.o

.debug_aranges  0x00000000       0x38
 .debug_aranges
                0x00000000       0x38 C:\Users\sally\AppData\Local\Temp\ccGbMyqr.o

.debug_ranges   0x00000000       0x58
 .debug_ranges  0x00000000       0x58 C:\Users\sally\AppData\Local\Temp\ccGbMyqr.o

.debug_macro    0x00000000    0x27fdc
 .debug_macro   0x00000000       0xd5 C:\Users\sally\AppData\Local\Temp\ccGbMyqr.o
 .debug_macro   0x000000d5      0xa6c C:\Users\sally\AppData\Local\Temp\ccGbMyqr.o
 .debug_macro   0x00000b41       0x3b C:\Users\sally\AppData\Local\Temp\ccGbMyqr.o
 .debug_macro   0x00000b7c       0x22 C:\Users\sally\AppData\Local\Temp\ccGbMyqr.o
 .debug_macro   0x00000b9e       0x8e C:\Users\sally\AppData\Local\Temp\ccGbMyqr.o
 .debug_macro   0x00000c2c       0x51 C:\Users\sally\AppData\Local\Temp\ccGbMyqr.o
 .debug_macro   0x00000c7d      0x103 C:\Users\sally\AppData\Local\Temp\ccGbMyqr.o
 .debug_macro   0x00000d80       0x6a C:\Users\sally\AppData\Local\Temp\ccGbMyqr.o
 .debug_macro   0x00000dea      0x1df C:\Users\sally\AppData\Local\Temp\ccGbMyqr.o
 .debug_macro   0x00000fc9       0x1c C:\Users\sally\AppData\Local\Temp\ccGbMyqr.o
 .debug_macro   0x00000fe5       0x22 C:\Users\sally\AppData\Local\Temp\ccGbMyqr.o
 .debug_macro   0x00001007       0xfb C:\Users\sally\AppData\Local\Temp\ccGbMyqr.o
 .debug_macro   0x00001102     0x1305 C:\Users\sally\AppData\Local\Temp\ccGbMyqr.o
 .debug_macro   0x00002407      0x11f C:\Users\sally\AppData\Local\Temp\ccGbMyqr.o
 .debug_macro   0x00002526       0x27 C:\Users\sally\AppData\Local\Temp\ccGbMyqr.o
 .debug_macro   0x0000254d    0x258f9 C:\Users\sally\AppData\Local\Temp\ccGbMyqr.o
 .debug_macro   0x00027e46       0x22 C:\Users\sally\AppData\Local\Temp\ccGbMyqr.o
 .debug_macro   0x00027e68      0x174 C:\Users\sally\AppData\Local\Temp\ccGbMyqr.o

.debug_line     0x00000000      0x470
 .debug_line    0x00000000      0x470 C:\Users\sally\AppData\Local\Temp\ccGbMyqr.o

.debug_str      0x00000000    0xe5bd9
 .debug_str     0x00000000    0xe5bd9 C:\Users\sally\AppData\Local\Temp\ccGbMyqr.o
                              0xe5e74 (size before relaxing)

.comment        0x00000000       0x49
 .comment       0x00000000       0x49 C:\Users\sally\AppData\Local\Temp\ccGbMyqr.o
                                 0x4a (size before relaxing)

.ARM.attributes
                0x00000000       0x34
 .ARM.attributes
                0x00000000       0x34 C:\Users\sally\AppData\Local\Temp\ccGbMyqr.o
 .ARM.attributes
                0x00000034       0x34 c:/program files (x86)/gnu arm embedded toolchain/10 2021.10/bin/../lib/gcc/arm-none-eabi/10.3.1/../../../../arm-none-eabi/lib/thumb/v7e-m+fp/hard\libc_nano.a(lib_a-memcpy-stub.o)
 .ARM.attributes
                0x00000068       0x34 c:/program files (x86)/gnu arm embedded toolchain/10 2021.10/bin/../lib/gcc/arm-none-eabi/10.3.1/../../../../arm-none-eabi/lib/thumb/v7e-m+fp/hard\libc_nano.a(lib_a-memset.o)

.debug_frame    0x00000000       0xac
 .debug_frame   0x00000000       0x64 C:\Users\sally\AppData\Local\Temp\ccGbMyqr.o
 .debug_frame   0x00000064       0x28 c:/program files (x86)/gnu arm embedded toolchain/10 2021.10/bin/../lib/gcc/arm-none-eabi/10.3.1/../../../../arm-none-eabi/lib/thumb/v7e-m+fp/hard\libc_nano.a(lib_a-memcpy-stub.o)
 .debug_frame   0x0000008c       0x20 c:/program files (x86)/gnu arm embedded toolchain/10 2021.10/bin/../lib/gcc/arm-none-eabi/10.3.1/../../../../arm-none-eabi/lib/thumb/v7e-m+fp/hard\libc_nano.a(lib_a-memset.o)
